QuPath-0.7.0 (console).exe : WARNING: Unknown module: javafx.graphics specified to --add-opens
At line:1 char:427
+ ... rphometry"; & "X:\QuPath\QuPath-0.7.0 (console).exe" script "$sp\prob ...
+                 ~~~~~~~~~~~~~~~~~~~~~~~~~~~~~~~~~~~~~~~~~~~~~~~~~~~~~~~~~
    + CategoryInfo          : NotSpecified: (WARNING: Unknow... to --add-opens:String) [], RemoteException
    + FullyQualifiedErrorId : NativeCommandError
 
WARNING: Unknown module: javafx.base specified to --add-opens
WARNING: Unknown module: javafx.web specified to --enable-native-access
WARNING: Unknown module: javafx.graphics specified to --enable-native-access
WARNING: Unknown module: javafx.media specified to --enable-native-access
19:44:21.686 [main] [INFO ] qupath.lib.gui.prefs.PathPrefs - Setting default Locale to en_US
19:44:21.717 [main] [INFO ] qupath.lib.gui.prefs.PathPrefs - Setting Locale for FORMAT to en_US
19:44:21.729 [main] [INFO ] qupath.lib.gui.prefs.PathPrefs - Setting Locale for DISPLAY to en_US
19:44:21.937 [main] [INFO ] qupath.lib.common.ThreadTools - Setting parallelism to 7
19:44:22.025 [main] [INFO ] qupath.ScriptCommand - Setting tile cache size to 1998.00 MB (25.0% max memory)
19:44:23.617 [main] [INFO ] qupath.lib.scripting.QP - Initializing type adapters
==========================================================
SLIDE IFNg KO(het) 26.03.25 m4-1 pr8 infection
  series=2  resolutionCount=8
    level 0: 57165 x 42154  (tile 512 x 512)
    level 1: 28583 x 20992  (tile 512 x 512)
    level 2: 14292 x 10496  (tile 512 x 512)
    level 3: 7146 x 5248  (tile 512 x 512)
    level 4: 3573 x 2624  (tile 512 x 512)
    level 5: 1787 x 1312  (tile 512 x 512)
    level 6: 894 x 656  (tile 512 x 512)
    level 7: 447 x 328  (tile 512 x 512)
19:44:57.299 [main] [INFO ] q.l.i.s.b.BioFormatsServerOptions - Setting max Bio-Formats readers to 8
  QuPath server downsamples: [1.0, 2.0, 4.0, 8.0, 16.0, 32.0, 64.0, 128.0]
  57165 x 42154  0.34500 um/px  nCh=4  type=UINT16
  ds8 whole-slide read: 7146 x 5269 = 37.7 Mpx in 62001 ms
  DAPI Otsu tissue thr=305.7  tissue=20.39% of frame = 58.47 mm2
  AGER+ = 83.06% of tissue;  DAMAGED = 6.71% of tissue (3.923 mm2)
  ch0 DAPI        tissue p01=     0 p05=    19 p25=   147 p50=   400 p75=   802 p95=  1599 p99=  2302 max=  4311
                      DMG    p05=    38 p25=   218 p50=   449 p75=   744 p95=  1298 | INTACT p05=    18 p25=   143 p50=   396 p75=   808 p95=  1619
                      OUTSIDE p50=     1 p95=   112 p99=   335
  ch1 FITC/KRT5   tissue p01=    16 p05=    20 p25=    27 p50=    35 p75=    53 p95=   325 p99=   877 max=  4105
                      DMG    p05=    20 p25=    34 p50=    57 p75=   130 p95=   406 | INTACT p05=    20 p25=    27 p50=    34 p75=    50 p95=   311
                      OUTSIDE p50=    15 p95=    36 p99=    69
  ch2 Cy3/AGER    tissue p01=    57 p05=    88 p25=   171 p50=   284 p75=   501 p95=  1145 p99=  1859 max=  4150
                      DMG    p05=    51 p25=    77 p50=   100 p75=   131 p95=   238 | INTACT p05=   104 p25=   188 p50=   302 p75=   524 p95=  1173
                      OUTSIDE p50=    24 p95=   278 p99=   748
  ch3 Cy5/PDPN    tissue p01=    30 p05=    44 p25=    94 p50=   173 p75=   301 p95=   582 p99=   872 max=  4106
                      DMG    p05=    32 p25=    60 p50=   106 p75=   193 p95=   414 | INTACT p05=    46 p25=    98 p50=   179 p75=   308 p95=   591
                      OUTSIDE p50=    21 p95=   152 p99=   401
  densest window at full-res (45056,10240), 72.2% tissue at ds8
    read 4096x4096 full-res window at ds=1 -> 4096x4096 in 17418 ms
    read 4096x4096 full-res window at ds=2 -> 2048x2048 in 5228 ms
    read 4096x4096 full-res window at ds=4 -> 1024x1024 in 1358 ms
==========================================================
SLIDE IFNg KO(het) 26.03.25 m4-2 pr8 no infection
  series=2  resolutionCount=8
    level 0: 52230 x 40894  (tile 512 x 512)
    level 1: 26115 x 20447  (tile 512 x 512)
    level 2: 13058 x 10224  (tile 512 x 512)
    level 3: 6529 x 5112  (tile 512 x 512)
    level 4: 3265 x 2556  (tile 512 x 512)
    level 5: 1633 x 1278  (tile 512 x 512)
    level 6: 817 x 639  (tile 512 x 512)
    level 7: 409 x 320  (tile 512 x 512)
  QuPath server downsamples: [1.0, 2.0, 4.0, 8.0, 16.0, 32.0, 64.0, 128.0]
  52230 x 40894  0.34500 um/px  nCh=4  type=UINT16
  ds8 whole-slide read: 6529 x 5112 = 33.4 Mpx in 37974 ms
  DAPI Otsu tissue thr=264.5  tissue=21.56% of frame = 54.83 mm2
  AGER+ = 91.48% of tissue;  DAMAGED = 0.93% of tissue (0.512 mm2)
  ch0 DAPI        tissue p01=     0 p05=     1 p25=    85 p50=   274 p75=   688 p95=  1502 p99=  2134 max=  4154
                      DMG    p05=    41 p25=   186 p50=   412 p75=   753 p95=  1379 | INTACT p05=     1 p25=    85 p50=   273 p75=   687 p95=  1503
                      OUTSIDE p50=     1 p95=    65 p99=   224
  ch1 FITC/KRT5   tissue p01=    16 p05=    19 p25=    23 p50=    27 p75=    34 p95=    64 p99=   106 max=  4103
                      DMG    p05=    21 p25=    28 p50=    43 p75=    67 p95=   105 | INTACT p05=    19 p25=    23 p50=    27 p75=    34 p95=    63
                      OUTSIDE p50=    15 p95=    31 p99=    49
  ch2 Cy3/AGER    tissue p01=    75 p05=   109 p25=   196 p50=   301 p75=   485 p95=  1123 p99=  1956 max=  4157
                      DMG    p05=    71 p25=   101 p50=   132 p75=   205 p95=  1226 | INTACT p05=   111 p25=   198 p50=   302 p75=   486 p95=  1122
                      OUTSIDE p50=    38 p95=   237 p99=   725
  ch3 Cy5/PDPN    tissue p01=    28 p05=    41 p25=    96 p50=   165 p75=   265 p95=   496 p99=   738 max=  4099
                      DMG    p05=    33 p25=    49 p50=    71 p75=   103 p95=   253 | INTACT p05=    41 p25=    97 p50=   166 p75=   266 p95=   497
                      OUTSIDE p50=    21 p95=    69 p99=   206
  densest window at full-res (22528,8192), 69.0% tissue at ds8
    read 4096x4096 full-res window at ds=1 -> 4096x4096 in 28924 ms
    read 4096x4096 full-res window at ds=2 -> 2048x2048 in 4342 ms
    read 4096x4096 full-res window at ds=4 -> 1024x1024 in 816 ms
==========================================================
SLIDE IFNg KO(hom) 26.03.25 m2 pr8 infection
  series=2  resolutionCount=8
    level 0: 59465 x 41119  (tile 512 x 512)
    level 1: 29733 x 20560  (tile 512 x 512)
    level 2: 14867 x 10280  (tile 512 x 512)
    level 3: 7434 x 5140  (tile 512 x 512)
    level 4: 3717 x 2570  (tile 512 x 512)
    level 5: 1859 x 1285  (tile 512 x 512)
    level 6: 930 x 643  (tile 512 x 512)
    level 7: 465 x 322  (tile 512 x 512)
  QuPath server downsamples: [1.0, 2.0, 4.0, 8.0, 16.0, 32.0, 64.0, 128.0]
  59465 x 41119  0.34500 um/px  nCh=4  type=UINT16
  ds8 whole-slide read: 7433 x 5140 = 38.2 Mpx in 33519 ms
  DAPI Otsu tissue thr=286.5  tissue=24.12% of frame = 70.20 mm2
  AGER+ = 84.31% of tissue;  DAMAGED = 4.68% of tissue (3.284 mm2)
  ch0 DAPI        tissue p01=     0 p05=    11 p25=   124 p50=   363 p75=   746 p95=  1529 p99=  2222 max=  4274
                      DMG    p05=    27 p25=   147 p50=   347 p75=   595 p95=  1115 | INTACT p05=    10 p25=   123 p50=   364 p75=   755 p95=  1545
                      OUTSIDE p50=     8 p95=    77 p99=   287
  ch1 FITC/KRT5   tissue p01=    18 p05=    21 p25=    27 p50=    33 p75=    46 p95=   245 p99=  1016 max=  4112
                      DMG    p05=    22 p25=    28 p50=    35 p75=    49 p95=   167 | INTACT p05=    21 p25=    27 p50=    33 p75=    46 p95=   253
                      OUTSIDE p50=    18 p95=    33 p99=    53
  ch2 Cy3/AGER    tissue p01=    66 p05=    97 p25=   165 p50=   266 p75=   485 p95=  1173 p99=  1903 max=  4169
                      DMG    p05=    60 p25=    92 p50=   114 p75=   134 p95=   188 | INTACT p05=   104 p25=   176 p50=   278 p75=   503 p95=  1194
                      OUTSIDE p50=    31 p95=   170 p99=   558
  ch3 Cy5/PDPN    tissue p01=    28 p05=    43 p25=    97 p50=   162 p75=   266 p95=   516 p99=   773 max=  4134
                      DMG    p05=    47 p25=   113 p50=   189 p75=   311 p95=   578 | INTACT p05=    42 p25=    96 p50=   161 p75=   264 p95=   512
                      OUTSIDE p50=    22 p95=    75 p99=   251
  densest window at full-res (36864,12288), 71.9% tissue at ds8
    read 4096x4096 full-res window at ds=1 -> 4096x4096 in 40741 ms
    read 4096x4096 full-res window at ds=2 -> 2048x2048 in 8598 ms
    read 4096x4096 full-res window at ds=4 -> 1024x1024 in 2114 ms
==========================================================
SLIDE IFNg KO(hom) 26.03.25 m6 pr8 no infection
  series=2  resolutionCount=8
    level 0: 54410 x 37599  (tile 512 x 512)
    level 1: 27205 x 18800  (tile 512 x 512)
    level 2: 13603 x 9400  (tile 512 x 512)
    level 3: 6802 x 4700  (tile 512 x 512)
    level 4: 3401 x 2350  (tile 512 x 512)
    level 5: 1701 x 1175  (tile 512 x 512)
    level 6: 851 x 588  (tile 512 x 512)
    level 7: 426 x 294  (tile 512 x 512)
  QuPath server downsamples: [1.0, 2.0, 4.0, 8.0, 16.0, 32.0, 64.0, 128.0]
  54410 x 37599  0.34500 um/px  nCh=4  type=UINT16
  ds8 whole-slide read: 6801 x 4700 = 32.0 Mpx in 47623 ms
  DAPI Otsu tissue thr=291.2  tissue=20.69% of frame = 50.38 mm2
  AGER+ = 99.82% of tissue;  DAMAGED = 0.18% of tissue (0.090 mm2)
  ch0 DAPI        tissue p01=     0 p05=     1 p25=   102 p50=   325 p75=   780 p95=  1654 p99=  2379 max=  4264
                      DMG    p05=    50 p25=   191 p50=   437 p75=   780 p95=  1456 | INTACT p05=     1 p25=   102 p50=   325 p75=   780 p95=  1654
                      OUTSIDE p50=     0 p95=    56 p99=   203
  ch1 FITC/KRT5   tissue p01=    16 p05=    20 p25=    25 p50=    30 p75=    39 p95=    71 p99=   119 max=  4100
                      DMG    p05=    22 p25=    30 p50=    41 p75=    68 p95=   115 | INTACT p05=    20 p25=    25 p50=    30 p75=    38 p95=    71
                      OUTSIDE p50=     0 p95=    31 p99=    48
  ch2 Cy3/AGER    tissue p01=   164 p05=   197 p25=   265 p50=   356 p75=   548 p95=  1353 p99=  2368 max=  4195
                      DMG    p05=   131 p25=   201 p50=   275 p75=   430 p95=  1482 | INTACT p05=   197 p25=   265 p50=   357 p75=   549 p95=  1353
                      OUTSIDE p50=     0 p95=   276 p99=   579
  ch3 Cy5/PDPN    tissue p01=    31 p05=    47 p25=   111 p50=   180 p75=   279 p95=   493 p99=   721 max=  4101
